// Jest Snapshot v1, https://goo.gl/fbAQLP

exports[`Expense List with Expenses 1`] = `
<div>
  <h1>
    Expense List
  </h1>
  <ExpenseListItems
    amount={195}
    createdAt={0}
    description="Gum"
    id="1"
    key="1"
    note=""
  />
  <ExpenseListItems
    amount={109500}
    createdAt={-345600000}
    description="Rent"
    id="2"
    key="2"
    note=""
  />
  <ExpenseListItems
    amount={4500}
    createdAt={345600000}
    description="Credit Card"
    id="3"
    key="3"
    note=""
  />
</div>
`;

exports[`Expense List with Expenses 2`] = `
<div>
  <h1>
    Expense List
  </h1>
  <h1>
    No Expense Added Yet
  </h1>
</div>
`;
