// Jest Snapshot v1, https://goo.gl/fbAQLP

exports[`Not Found Page Render Correctly 1`] = `
<div>
  <[object Object] />
  <[object Object] />
</div>
`;
