// Jest Snapshot v1, https://goo.gl/fbAQLP

exports[`Header component check 1`] = `
<div>
  <h1>
    Expensify
  </h1>
  <NavLink
    activeClassName="active"
    ariaCurrent="true"
    to="/"
  >
    Dashboard
  </NavLink>
  <NavLink
    activeClassName="active"
    ariaCurrent="true"
    to="/create"
  >
    Create Expense
  </NavLink>
  <NavLink
    activeClassName="active"
    ariaCurrent="true"
    to="/help"
  >
    Help
  </NavLink>
</div>
`;
